

================================================================
== Synthesis Summary Report of 'matrix_multiply_8x8'
================================================================
+ General Information: 
    * Date:           Wed Jan 28 08:24:52 2026
    * Version:        2024.1 (Build 5069499 on May 21 2024)
    * Project:        matrix_multiply_8x8_proj
    * Solution:       int8_8x8_solution (Vivado IP Flow Target)
    * Product family: virtexuplus
    * Target device:  xcvu9p-flga2104-2-i
    

+ Performance & Resource Estimates: 
    
    PS: '+' for module; 'o' for loop; '*' for dataflow
    +-------------------------------------+------+------+---------+---------+----------+---------+------+----------+---------+----------+------------+------------+-----+
    |               Modules               | Issue|      | Latency | Latency | Iteration|         | Trip |          |         |          |            |            |     |
    |               & Loops               | Type | Slack| (cycles)|   (ns)  |  Latency | Interval| Count| Pipelined|  BRAM   |    DSP   |     FF     |     LUT    | URAM|
    +-------------------------------------+------+------+---------+---------+----------+---------+------+----------+---------+----------+------------+------------+-----+
    |+ matrix_multiply_8x8*               |     -|  0.00|       91|  455.000|         -|       64|     -|  dataflow|  3 (~0%)|  64 (~0%)|  3746 (~0%)|  4696 (~0%)|    -|
    | + entry_proc                        |     -|  2.24|        0|    0.000|         -|        0|     -|        no|        -|         -|     3 (~0%)|    29 (~0%)|    -|
    | + Loop_VITIS_LOOP_45_1_proc1        |     -|  0.00|       75|  375.000|         -|       75|     -|        no|        -|         -|   149 (~0%)|   185 (~0%)|    -|
    |  o VITIS_LOOP_45_1                  |    II|  3.65|       73|  365.000|        18|        8|     8|       yes|        -|         -|           -|           -|    -|
    | + Loop_VITIS_LOOP_55_3_proc2        |     -|  0.00|       75|  375.000|         -|       75|     -|        no|        -|         -|   731 (~0%)|   830 (~0%)|    -|
    |  o VITIS_LOOP_55_3                  |    II|  3.65|       73|  365.000|        18|        8|     8|       yes|        -|         -|           -|           -|    -|
    | + int8_8x8_wrapper_wrapper_1*       |     -|  0.00|       33|  165.000|         -|        1|     -|  dataflow|        -|  64 (~0%)|           -|           -|    -|
    |  + int8_8x8_wrapper                 |     -|  3.65|       33|  165.000|         -|        1|     -|  yes(flp)|        -|  64 (~0%)|           -|           -|    -|
    | + Loop_VITIS_LOOP_68_5_proc3        |     -|  0.00|       73|  365.000|         -|       73|     -|        no|        -|         -|   311 (~0%)|   656 (~0%)|    -|
    |  o VITIS_LOOP_68_5_VITIS_LOOP_70_6  |     -|  3.65|       71|  355.000|         9|        1|    64|       yes|        -|         -|           -|           -|    -|
    +-------------------------------------+------+------+---------+---------+----------+---------+------+----------+---------+----------+------------+------------+-----+


================================================================
== HW Interfaces
================================================================
* M_AXI
+--------------+------------+------------+---------------+---------+--------+----------+-----------+--------------+--------------+-------------+-------------+-------------------+
| Interface    | Read/Write | Data Width | Address Width | Latency | Offset | Register | Max Widen | Max Read     | Max Write    | Num Read    | Num Write   | Resource Estimate |
|              |            | (SW->HW)   |               |         |        |          | Bitwidth  | Burst Length | Burst Length | Outstanding | Outstanding |                   |
+--------------+------------+------------+---------------+---------+--------+----------+-----------+--------------+--------------+-------------+-------------+-------------------+
| m_axi_gmem_a | READ_ONLY  | 8 -> 8     | 64            | 0       | slave  | 0        | 0         | 16           | 16           | 16          | 16          | BRAM=1            |
| m_axi_gmem_b | READ_ONLY  | 8 -> 8     | 64            | 0       | slave  | 0        | 0         | 16           | 16           | 16          | 16          | BRAM=1            |
| m_axi_gmem_c | WRITE_ONLY | 16 -> 16   | 64            | 0       | slave  | 0        | 0         | 16           | 16           | 16          | 16          | BRAM=1            |
+--------------+------------+------------+---------------+---------+--------+----------+-----------+--------------+--------------+-------------+-------------+-------------------+

* S_AXILITE Interfaces
+---------------+------------+---------------+--------+----------+
| Interface     | Data Width | Address Width | Offset | Register |
+---------------+------------+---------------+--------+----------+
| s_axi_control | 32         | 6             | 16     | 0        |
+---------------+------------+---------------+--------+----------+

* S_AXILITE Registers
+---------------+----------+--------+-------+--------+----------------------------------+----------------------------------------------------------------------+
| Interface     | Register | Offset | Width | Access | Description                      | Bit Fields                                                           |
+---------------+----------+--------+-------+--------+----------------------------------+----------------------------------------------------------------------+
| s_axi_control | CTRL     | 0x00   | 32    | RW     | Control signals                  | 0=AP_START 1=AP_DONE 2=AP_IDLE 3=AP_READY 7=AUTO_RESTART 9=INTERRUPT |
| s_axi_control | GIER     | 0x04   | 32    | RW     | Global Interrupt Enable Register | 0=Enable                                                             |
| s_axi_control | IP_IER   | 0x08   | 32    | RW     | IP Interrupt Enable Register     | 0=CHAN0_INT_EN 1=CHAN1_INT_EN                                        |
| s_axi_control | IP_ISR   | 0x0c   | 32    | RW     | IP Interrupt Status Register     | 0=CHAN0_INT_ST 1=CHAN1_INT_ST                                        |
| s_axi_control | A_1      | 0x10   | 32    | W      | Data signal of A                 |                                                                      |
| s_axi_control | A_2      | 0x14   | 32    | W      | Data signal of A                 |                                                                      |
| s_axi_control | B_1      | 0x1c   | 32    | W      | Data signal of B                 |                                                                      |
| s_axi_control | B_2      | 0x20   | 32    | W      | Data signal of B                 |                                                                      |
| s_axi_control | C_1      | 0x28   | 32    | W      | Data signal of C                 |                                                                      |
| s_axi_control | C_2      | 0x2c   | 32    | W      | Data signal of C                 |                                                                      |
+---------------+----------+--------+-------+--------+----------------------------------+----------------------------------------------------------------------+

* TOP LEVEL CONTROL
+-----------+------------+-----------+
| Interface | Type       | Ports     |
+-----------+------------+-----------+
| ap_clk    | clock      | ap_clk    |
| ap_rst_n  | reset      | ap_rst_n  |
| interrupt | interrupt  | interrupt |
| ap_ctrl   | ap_ctrl_hs |           |
+-----------+------------+-----------+


================================================================
== SW I/O Information
================================================================
* Top Function Arguments
+----------+-----------+-------------+
| Argument | Direction | Datatype    |
+----------+-----------+-------------+
| A        | in        | ap_int<8>*  |
| B        | in        | ap_int<8>*  |
| C        | out       | ap_int<16>* |
+----------+-----------+-------------+

* SW-to-HW Mapping
+----------+---------------+-----------+----------+-------------------------------+
| Argument | HW Interface  | HW Type   | HW Usage | HW Info                       |
+----------+---------------+-----------+----------+-------------------------------+
| A        | m_axi_gmem_a  | interface |          | channel=0                     |
| A        | s_axi_control | register  | offset   | name=A_1 offset=0x10 range=32 |
| A        | s_axi_control | register  | offset   | name=A_2 offset=0x14 range=32 |
| B        | m_axi_gmem_b  | interface |          | channel=0                     |
| B        | s_axi_control | register  | offset   | name=B_1 offset=0x1c range=32 |
| B        | s_axi_control | register  | offset   | name=B_2 offset=0x20 range=32 |
| C        | m_axi_gmem_c  | interface |          | channel=0                     |
| C        | s_axi_control | register  | offset   | name=C_1 offset=0x28 range=32 |
| C        | s_axi_control | register  | offset   | name=C_2 offset=0x2c range=32 |
+----------+---------------+-----------+----------+-------------------------------+


================================================================
== M_AXI Burst Information
================================================================
 Note: All burst requests might be further partitioned into multiple requests during RTL generation based on max_read_burst_length or max_write_burst_length settings.

* Inferred Burst Summary
+--------------+-----------+--------+-------+-----------------+-------------------------------+
| HW Interface | Direction | Length | Width | Loop            | Loop Location                 |
+--------------+-----------+--------+-------+-----------------+-------------------------------+
| m_axi_gmem_a | read      | 64     | 8     | VITIS_LOOP_45_1 | matrix_multiply_8x8.cpp:45:26 |
| m_axi_gmem_c | write     | 64     | 16    | VITIS_LOOP_68_5 | matrix_multiply_8x8.cpp:68:26 |
+--------------+-----------+--------+-------+-----------------+-------------------------------+

* All M_AXI Variable Accesses
+--------------+----------+-------------------------------+-----------+--------------+--------+-----------------+-------------------------------+------------+-------------------------------------------------------------------------------------------------------+
| HW Interface | Variable | Access Location               | Direction | Burst Status | Length | Loop            | Loop Location                 | Resolution | Problem                                                                                               |
+--------------+----------+-------------------------------+-----------+--------------+--------+-----------------+-------------------------------+------------+-------------------------------------------------------------------------------------------------------+
| m_axi_gmem_a | A        | matrix_multiply_8x8.cpp:48:41 | read      | Widen Fail   |        | VITIS_LOOP_47_2 | matrix_multiply_8x8.cpp:47:30 | 214-353    | Could not widen since type i8 size is greater than or equal to the max_widen_bitwidth threshold of 0  |
| m_axi_gmem_a | A        | matrix_multiply_8x8.cpp:48:41 | read      | Inferred     | 64     | VITIS_LOOP_45_1 | matrix_multiply_8x8.cpp:45:26 |            |                                                                                                       |
| m_axi_gmem_b | B        | matrix_multiply_8x8.cpp:58:41 | read      | Fail         |        | VITIS_LOOP_57_4 | matrix_multiply_8x8.cpp:57:30 | 214-230    | Stride is incompatible                                                                                |
| m_axi_gmem_c | C        | matrix_multiply_8x8.cpp:71:25 | write     | Widen Fail   |        | VITIS_LOOP_70_6 | matrix_multiply_8x8.cpp:70:30 | 214-353    | Could not widen since type i16 size is greater than or equal to the max_widen_bitwidth threshold of 0 |
| m_axi_gmem_c | C        | matrix_multiply_8x8.cpp:71:25 | write     | Inferred     | 64     | VITIS_LOOP_68_5 | matrix_multiply_8x8.cpp:68:26 |            |                                                                                                       |
+--------------+----------+-------------------------------+-----------+--------------+--------+-----------------+-------------------------------+------------+-------------------------------------------------------------------------------------------------------+

    * Resolution URL: docs.xilinx.com/access/sources/dita/topic?Doc_Version=2024.1%20English&url=ug1448-hls-guidance&resourceid=XXX-YYY.html (replace XXX-YYY with column value)

================================================================
== Bind Op Report
================================================================
+-------------------------------+-----+--------+--------------+--------+-----------+---------+
| Name                          | DSP | Pragma | Variable     | Op     | Impl      | Latency |
+-------------------------------+-----+--------+--------------+--------+-----------+---------+
| + matrix_multiply_8x8         | 64  |        |              |        |           |         |
|  + Loop_VITIS_LOOP_45_1_proc1 | 0   |        |              |        |           |         |
|    i_fu_114_p2                |     |        | i            | add    | fabric    | 0       |
|    icmp_ln45_fu_120_p2        |     |        | icmp_ln45    | seteq  | auto      | 0       |
|  + Loop_VITIS_LOOP_55_3_proc2 | 0   |        |              |        |           |         |
|    add_ln58_fu_191_p2         |     |        | add_ln58     | add    | fabric    | 0       |
|    add_ln58_1_fu_231_p2       |     |        | add_ln58_1   | add    | fabric    | 0       |
|    add_ln58_2_fu_257_p2       |     |        | add_ln58_2   | add    | fabric    | 0       |
|    add_ln58_3_fu_275_p2       |     |        | add_ln58_3   | add    | fabric    | 0       |
|    add_ln58_4_fu_301_p2       |     |        | add_ln58_4   | add    | fabric    | 0       |
|    add_ln58_5_fu_323_p2       |     |        | add_ln58_5   | add    | fabric    | 0       |
|    add_ln58_6_fu_341_p2       |     |        | add_ln58_6   | add    | fabric    | 0       |
|    add_ln58_7_fu_359_p2       |     |        | add_ln58_7   | add    | fabric    | 0       |
|    j_fu_203_p2                |     |        | j            | add    | fabric    | 0       |
|    icmp_ln55_fu_209_p2        |     |        | icmp_ln55    | seteq  | auto      | 0       |
|  + Loop_VITIS_LOOP_68_5_proc3 | 0   |        |              |        |           |         |
|    select_ln68_fu_164_p3      |     |        | select_ln68  | select | auto_sel  | 0       |
|    first_iter_0_fu_172_p2     |     |        | first_iter_0 | seteq  | auto      | 0       |
|    add_ln68_fu_178_p2         |     |        | add_ln68     | add    | fabric    | 0       |
|    lshr_ln71_fu_266_p2        |     |        | lshr_ln71    | lshr   | auto_pipe | 0       |
|    j_fu_191_p2                |     |        | j            | add    | fabric    | 0       |
|    icmp_ln70_fu_197_p2        |     |        | icmp_ln70    | seteq  | auto      | 0       |
|    icmp_ln68_fu_203_p2        |     |        | icmp_ln68    | seteq  | auto      | 0       |
+-------------------------------+-----+--------+--------------+--------+-----------+---------+


================================================================
== Storage Report
================================================================
+-----------------------+--------------+-------------+------+------+--------+----------+------+---------+------------------+
| Name                  | Usage        | Type        | BRAM | URAM | Pragma | Variable | Impl | Latency | Bitwidth, Depth, |
|                       |              |             |      |      |        |          |      |         | Banks            |
+-----------------------+--------------+-------------+------+------+--------+----------+------+---------+------------------+
| + matrix_multiply_8x8 |              |             | 3    | 0    |        |          |      |         |                  |
|   control_s_axi_U     | interface    | s_axilite   |      |      |        |          |      |         |                  |
|   gmem_a_m_axi_U      | interface    | m_axi       | 1    |      |        |          |      |         |                  |
|   gmem_b_m_axi_U      | interface    | m_axi       | 1    |      |        |          |      |         |                  |
|   gmem_c_m_axi_U      | interface    | m_axi       | 1    |      |        |          |      |         |                  |
|   C_c_U               | fifo channel | scalar prop |      |      |        | C_c      | srl  | 0       | 64, 4, 1         |
|   a_stream_U          | fifo channel | stream      |      |      |        | a_stream | srl  | 0       | 64, 2, 1         |
|   b_stream_U          | fifo channel | stream      |      |      |        | b_stream | srl  | 0       | 64, 2, 1         |
|   c_stream_U          | fifo channel | stream      |      |      |        | c_stream | srl  | 0       | 128, 2, 1        |
+-----------------------+--------------+-------------+------+------+--------+----------+------+---------+------------------+


================================================================
== Pragma Report
================================================================
* Pragmas with Warnings
+----------+---------+---------------------------------------------------+------------------------------------------------------------------------------------------------------------------------------------------------------------------------------------+
| Type     | Options | Location                                          | Messages                                                                                                                                                                           |
+----------+---------+---------------------------------------------------+------------------------------------------------------------------------------------------------------------------------------------------------------------------------------------+
| dataflow |         | matrix_multiply_8x8.cpp:41 in matrix_multiply_8x8 | Since the only kind of statements allowed in a canonical dataflow region are variable declarations and function calls, the compiler may not be able to correctly handle the region |
+----------+---------+---------------------------------------------------+------------------------------------------------------------------------------------------------------------------------------------------------------------------------------------+

* Valid Pragma Syntax
+-----------+----------------------------------------------+------------------------------------------------------------------------------+
| Type      | Options                                      | Location                                                                     |
+-----------+----------------------------------------------+------------------------------------------------------------------------------+
| interface | axis port=a_stream                           | ../../library/int8_8x8/int8_8x8_wrapper.cpp:11 in int8_8x8_wrapper, a_stream |
| interface | axis port=b_stream                           | ../../library/int8_8x8/int8_8x8_wrapper.cpp:12 in int8_8x8_wrapper, b_stream |
| interface | axis port=c_stream                           | ../../library/int8_8x8/int8_8x8_wrapper.cpp:13 in int8_8x8_wrapper, c_stream |
| interface | ap_ctrl_none port=return                     | ../../library/int8_8x8/int8_8x8_wrapper.cpp:14 in int8_8x8_wrapper, return   |
| unroll    |                                              | ../../library/int8_8x8/int8_8x8_wrapper.cpp:20 in int8_8x8_wrapper           |
| unroll    |                                              | ../../library/int8_8x8/int8_8x8_wrapper.cpp:28 in int8_8x8_wrapper           |
| unroll    |                                              | ../../library/int8_8x8/int8_8x8_wrapper.cpp:63 in int8_8x8_wrapper           |
| unroll    |                                              | ../../library/int8_8x8/int8_8x8_wrapper.cpp:66 in int8_8x8_wrapper           |
| unroll    |                                              | ../../library/int8_8x8/int8_8x8_wrapper.cpp:69 in int8_8x8_wrapper           |
| interface | mode=m_axi port=A offset=slave bundle=gmem_a | matrix_multiply_8x8.cpp:26 in matrix_multiply_8x8, A                         |
| interface | mode=m_axi port=B offset=slave bundle=gmem_b | matrix_multiply_8x8.cpp:27 in matrix_multiply_8x8, B                         |
| interface | mode=m_axi port=C offset=slave bundle=gmem_c | matrix_multiply_8x8.cpp:28 in matrix_multiply_8x8, C                         |
| interface | s_axilite port=return                        | matrix_multiply_8x8.cpp:29 in matrix_multiply_8x8, return                    |
| stream    | variable=a_stream depth=2                    | matrix_multiply_8x8.cpp:36 in matrix_multiply_8x8, a_stream                  |
| stream    | variable=b_stream depth=2                    | matrix_multiply_8x8.cpp:37 in matrix_multiply_8x8, b_stream                  |
| stream    | variable=c_stream depth=2                    | matrix_multiply_8x8.cpp:38 in matrix_multiply_8x8, c_stream                  |
+-----------+----------------------------------------------+------------------------------------------------------------------------------+


