

================================================================
== Vitis HLS Report for 'int8_16x16_wrapper_wrapper_1'
================================================================
* Date:           Wed Jan 28 08:25:39 2026

* Version:        2024.1 (Build 5069499 on May 21 2024)
* Project:        matrix_multiply_16x16_proj
* Solution:       int8_16x16_solution (Vivado IP Flow Target)
* Product family: virtexuplus
* Target device:  xcvu9p-flga2104-2-i


================================================================
== Performance Estimates
================================================================
+ Timing: 
    * Summary: 
    +--------+---------+----------+------------+
    |  Clock |  Target | Estimated| Uncertainty|
    +--------+---------+----------+------------+
    |ap_clk  |  5.00 ns|  3.650 ns|     1.35 ns|
    +--------+---------+----------+------------+

+ Latency: 
    * Summary: 
    +---------+---------+----------+----------+-----+-----+----------+
    |  Latency (cycles) |  Latency (absolute) |  Interval | Pipeline |
    |   min   |   max   |    min   |    max   | min | max |   Type   |
    +---------+---------+----------+----------+-----+-----+----------+
    |       33|       33|  0.165 us|  0.165 us|    1|    1|  dataflow|
    +---------+---------+----------+----------+-----+-----+----------+

    + Detail: 
        * Instance: 
        +-----------------------+--------------------+---------+---------+----------+----------+-----+-----+----------+
        |                       |                    |  Latency (cycles) |  Latency (absolute) |  Interval | Pipeline |
        |        Instance       |       Module       |   min   |   max   |    min   |    max   | min | max |   Type   |
        +-----------------------+--------------------+---------+---------+----------+----------+-----+-----+----------+
        |int8_16x16_wrapper_U0  |int8_16x16_wrapper  |       33|       33|  0.165 us|  0.165 us|    1|    1|  yes(flp)|
        +-----------------------+--------------------+---------+---------+----------+----------+-----+-----+----------+

        * Loop: 
        N/A



================================================================
== Utilization Estimates
================================================================
* Summary: 
+---------------------+---------+------+---------+---------+-----+
|         Name        | BRAM_18K|  DSP |    FF   |   LUT   | URAM|
+---------------------+---------+------+---------+---------+-----+
|DSP                  |        -|     -|        -|        -|    -|
|Expression           |        -|     -|        -|        -|    -|
|FIFO                 |        -|     -|        -|        -|    -|
|Instance             |        0|   256|        0|        0|    0|
|Memory               |        -|     -|        -|        -|    -|
|Multiplexer          |        -|     -|        -|        -|    -|
|Register             |        -|     -|        -|        -|    -|
+---------------------+---------+------+---------+---------+-----+
|Total                |        0|   256|        0|        0|    0|
+---------------------+---------+------+---------+---------+-----+
|Available SLR        |     1440|  2280|   788160|   394080|  320|
+---------------------+---------+------+---------+---------+-----+
|Utilization SLR (%)  |        0|    11|        0|        0|    0|
+---------------------+---------+------+---------+---------+-----+
|Available            |     4320|  6840|  2364480|  1182240|  960|
+---------------------+---------+------+---------+---------+-----+
|Utilization (%)      |        0|     3|        0|        0|    0|
+---------------------+---------+------+---------+---------+-----+

+ Detail: 
    * Instance: 
    +-----------------------+--------------------+---------+-----+---+----+-----+
    |        Instance       |       Module       | BRAM_18K| DSP | FF| LUT| URAM|
    +-----------------------+--------------------+---------+-----+---+----+-----+
    |int8_16x16_wrapper_U0  |int8_16x16_wrapper  |        0|  256|  0|   0|    0|
    +-----------------------+--------------------+---------+-----+---+----+-----+
    |Total                  |                    |        0|  256|  0|   0|    0|
    +-----------------------+--------------------+---------+-----+---+----+-----+

    * DSP: 
    N/A

    * Memory: 
    N/A

    * FIFO: 
    N/A

    * Expression: 
    N/A

    * Multiplexer: 
    N/A

    * Register: 
    N/A



================================================================
== Interface
================================================================
* Summary: 
+------------------+-----+-----+------------+------------------------------+--------------+
|     RTL Ports    | Dir | Bits|  Protocol  |         Source Object        |    C Type    |
+------------------+-----+-----+------------+------------------------------+--------------+
|a_stream_dout     |   in|  128|     ap_fifo|                      a_stream|       pointer|
|a_stream_empty_n  |   in|    1|     ap_fifo|                      a_stream|       pointer|
|a_stream_read     |  out|    1|     ap_fifo|                      a_stream|       pointer|
|b_stream_dout     |   in|  128|     ap_fifo|                      b_stream|       pointer|
|b_stream_empty_n  |   in|    1|     ap_fifo|                      b_stream|       pointer|
|b_stream_read     |  out|    1|     ap_fifo|                      b_stream|       pointer|
|c_stream_din      |  out|  256|     ap_fifo|                      c_stream|       pointer|
|c_stream_full_n   |   in|    1|     ap_fifo|                      c_stream|       pointer|
|c_stream_write    |  out|    1|     ap_fifo|                      c_stream|       pointer|
|ap_clk            |   in|    1|  ap_ctrl_hs|  int8_16x16_wrapper_wrapper.1|  return value|
|ap_rst            |   in|    1|  ap_ctrl_hs|  int8_16x16_wrapper_wrapper.1|  return value|
|ap_start          |   in|    1|  ap_ctrl_hs|  int8_16x16_wrapper_wrapper.1|  return value|
|ap_done           |  out|    1|  ap_ctrl_hs|  int8_16x16_wrapper_wrapper.1|  return value|
|ap_ready          |  out|    1|  ap_ctrl_hs|  int8_16x16_wrapper_wrapper.1|  return value|
|ap_idle           |  out|    1|  ap_ctrl_hs|  int8_16x16_wrapper_wrapper.1|  return value|
|ap_continue       |   in|    1|  ap_ctrl_hs|  int8_16x16_wrapper_wrapper.1|  return value|
+------------------+-----+-----+------------+------------------------------+--------------+

